Microsoft Access encountered an error while importing the object 'Faculty Details'.

Error encountered at line 462.
Expected: 'End'.  Found: <.
